---
created: "2019-03-09T18:53:39.287040Z"
creator: insta@0.6.3
source: src/rules/given/tests.rs
expression: data
---
Rule(
  given: "areas",
  what: areas({
    "count": Single(GreaterThan(2)),
  }),
  where: Some(AreaClause(
  )),
)
