---
created: "2019-03-09T20:36:53.747551Z"
creator: insta@0.6.3
source: src/rules/given/tests.rs
expression: data
---
Rule(
  given: "save",
  save: "$my_var",
  what: courses,
  where: Some(CourseClause(
  )),
  limit: Some([
  ]),
  action: Some(count(Single(GreaterThan(2)))),
)
